cargo :    Compiling sync v0.1.0 (C:\Users\鐧戒笢閼玕work01\SoloCoder\5551-rust-fs)
所在位置 行:1 字符: 1
+ cargo build 2>&1 | Tee-Object -FilePath build_output.txt ; Get-Conten ...
+ ~~~~~~~~~~~~~~~~
    + CategoryInfo          : NotSpecified: (   Compiling sy...r\5551-rust-fs):String) [], RemoteEx 
   ception
    + FullyQualifiedErrorId : NativeCommandError
 
error[E0616]: field `max_retries` of struct `RetryStrategy` is private
  --> src\sync.rs:89:46
   |
89 |                     if attempt >= task_retry.max_retries {
   |                                              ^^^^^^^^^^^ private field

error[E0616]: field `max_retries` of struct `RetryStrategy` is private
  --> src\sync.rs:97:36
   |
97 |                         task_retry.max_retries,
   |                                    ^^^^^^^^^^^ private field

error[E0616]: field `max_retries` of struct `RetryStrategy` is private
   --> src\sync.rs:371:47
    |
371 |                 for attempt in 0..chunk_retry.max_retries {
    |                                               ^^^^^^^^^^^ private field

error[E0616]: field `max_retries` of struct `RetryStrategy` is private
   --> src\sync.rs:399:58
    |
399 | ...                   if attempt + 1 < chunk_retry.max_retries {
    |                                                    ^^^^^^^^^^^ private field

error[E0616]: field `max_retries` of struct `RetryStrategy` is private
   --> src\sync.rs:405:49
    |
405 | ...                   chunk_retry.max_retries,
    |                                   ^^^^^^^^^^^ private field

warning: unused import: `bytes::Buf`
 --> src\transport\http.rs:6:5
  |
6 | use bytes::Buf;
  |     ^^^^^^^^^^
  |
  = note: `#[warn(unused_imports)]` (part of `#[warn(unused)]`) on by default

warning: unused variable: `source_path`
   --> src\sync.rs:464:13
    |
464 |         let source_path = self.config.source.join(&file_manifest.path);
    |             ^^^^^^^^^^^ help: if this is intentional, prefix it with an underscore: `_source_p
ath`
    |
    = note: `#[warn(unused_variables)]` (part of `#[warn(unused)]`) on by default

For more information about this error, try `rustc --explain E0616`.
warning: `sync` (lib) generated 2 warnings
error: could not compile `sync` (lib) due to 5 previous errors; 2 warnings emitted
